Command line invocation:
    /Applications/Xcode.app/Contents/Developer/usr/bin/xcodebuild -scheme BetterBarter -destination generic/platform=iOS build CODE_SIGN_IDENTITY= CODE_SIGNING_REQUIRED=NO CODE_SIGNING_ALLOWED=NO

Build settings from command line:
    CODE_SIGN_IDENTITY = 
    CODE_SIGNING_ALLOWED = NO
    CODE_SIGNING_REQUIRED = NO

2026-03-28 22:18:56.654 xcodebuild[86517:1424736] [MT] IDERunDestination: Supported platforms for the buildables in the current scheme is empty.
note: Using codesigning identity override: 
ComputePackagePrebuildTargetDependencyGraph

Prepare packages

CreateBuildRequest

SendProjectDescription

CreateBuildOperation

ComputeTargetDependencyGraph
note: Building targets in dependency order
note: Target dependency graph (1 target)
    Target 'BetterBarter' in project 'BetterBarter' (no dependencies)

GatherProvisioningInputs

CreateBuildDescription

ExecuteExternalTool /Applications/Xcode.app/Contents/Developer/Toolchains/XcodeDefault.xctoolchain/usr/bin/clang -v -E -dM -isysroot /Applications/Xcode.app/Contents/Developer/Platforms/iPhoneOS.platform/Developer/SDKs/iPhoneOS26.2.sdk -x c -c /dev/null

ExecuteExternalTool /Applications/Xcode.app/Contents/Developer/usr/bin/actool --print-asset-tag-combinations --output-format xml1 /Users/sidmoon/Desktop/BetterBarter-main/BetterBarter/Assets.xcassets

ExecuteExternalTool /Applications/Xcode.app/Contents/Developer/usr/bin/actool --version --output-format xml1

ExecuteExternalTool /Applications/Xcode.app/Contents/Developer/Toolchains/XcodeDefault.xctoolchain/usr/bin/swiftc --version

ExecuteExternalTool /Applications/Xcode.app/Contents/Developer/Toolchains/XcodeDefault.xctoolchain/usr/bin/ld -version_details

Build description signature: 4fb922018b5c84dde2b8b67c39503746
Build description path: /Users/sidmoon/Library/Developer/Xcode/DerivedData/BetterBarter-bqvndamssyiervbjsxpsssrwpyfw/Build/Intermediates.noindex/XCBuildData/4fb922018b5c84dde2b8b67c39503746.xcbuilddata
error: Multiple commands produce '/Users/sidmoon/Library/Developer/Xcode/DerivedData/BetterBarter-bqvndamssyiervbjsxpsssrwpyfw/Build/Intermediates.noindex/BetterBarter.build/Debug-iphoneos/BetterBarter.build/Objects-normal/arm64/LoginView.stringsdata'
    note: Target 'BetterBarter' (project 'BetterBarter') has Swift tasks not blocking downstream targets
    note: Target 'BetterBarter' (project 'BetterBarter') has Swift tasks not blocking downstream targets
ClangStatCache /Applications/Xcode.app/Contents/Developer/Toolchains/XcodeDefault.xctoolchain/usr/bin/clang-stat-cache /Applications/Xcode.app/Contents/Developer/Platforms/iPhoneOS.platform/Developer/SDKs/iPhoneOS26.2.sdk /Users/sidmoon/Library/Developer/Xcode/DerivedData/SDKStatCaches.noindex/iphoneos26.2-23C53-3794476bd08197c3e2abd9bb477ef7f7.sdkstatcache
    cd /Users/sidmoon/Desktop/BetterBarter-main/BetterBarter.xcodeproj
    /Applications/Xcode.app/Contents/Developer/Toolchains/XcodeDefault.xctoolchain/usr/bin/clang-stat-cache /Applications/Xcode.app/Contents/Developer/Platforms/iPhoneOS.platform/Developer/SDKs/iPhoneOS26.2.sdk -o /Users/sidmoon/Library/Developer/Xcode/DerivedData/SDKStatCaches.noindex/iphoneos26.2-23C53-3794476bd08197c3e2abd9bb477ef7f7.sdkstatcache

warning: duplicate output file '/Users/sidmoon/Library/Developer/Xcode/DerivedData/BetterBarter-bqvndamssyiervbjsxpsssrwpyfw/Build/Intermediates.noindex/BetterBarter.build/Debug-iphoneos/BetterBarter.build/Objects-normal/arm64/LoginView.stringsdata' on task: SwiftDriver Compilation BetterBarter normal arm64 com.apple.xcode.tools.swift.compiler (in target 'BetterBarter' from project 'BetterBarter')
** BUILD FAILED **


The following build commands failed:
	Building project BetterBarter with scheme BetterBarter
(1 failure)
